// Jest Snapshot v1, https://goo.gl/fbAQLP

exports[`new CspDirectives() .headers returns on all set 1`] = `
Object {
  "Content-Security-Policy": "child-src 'none'; default-src 'self'; frame-src 'unsafe-eval'; connect-src example.com; font-src https:; img-src 'self'; manifest-src https://example.com; media-src 'sha256-uU0nuZNNPgilLlLX2n2r+sSE7+N6U4DukIj3rOLvzek='; object-src example.com:443; prefetch-src 'sha256-uU0nuZNNPgilLlLX2n2r+sSE7+N6U4DukIj3rOLvzek='; script-src 'strict-dynamic'; script-src-elem 'sha256-uU0nuZNNPgilLlLX2n2r+sSE7+N6U4DukIj3rOLvzek='; script-src-attr 'sha256-uU0nuZNNPgilLlLX2n2r+sSE7+N6U4DukIj3rOLvzek='; style-src 'sha256-uU0nuZNNPgilLlLX2n2r+sSE7+N6U4DukIj3rOLvzek='; style-src-elem 'sha256-uU0nuZNNPgilLlLX2n2r+sSE7+N6U4DukIj3rOLvzek='; style-src-attr 'sha256-uU0nuZNNPgilLlLX2n2r+sSE7+N6U4DukIj3rOLvzek='; base-uri 'strict-dynamic'; form-action 'report-sample'; frame-ancestors 'self'; navigate-to 'sha256-uU0nuZNNPgilLlLX2n2r+sSE7+N6U4DukIj3rOLvzek='; report-to hello; referrer 'strict-origin'; trusted-types 'sha256-uU0nuZNNPgilLlLX2n2r+sSE7+N6U4DukIj3rOLvzek=';",
  "Content-Security-Policy-Report-Only": "child-src 'none'; default-src 'self'; frame-src 'unsafe-eval'; connect-src example.com; font-src https:; img-src 'self'; manifest-src https://example.com; media-src 'sha256-uU0nuZNNPgilLlLX2n2r+sSE7+N6U4DukIj3rOLvzek='; object-src example.com:443; prefetch-src 'sha256-uU0nuZNNPgilLlLX2n2r+sSE7+N6U4DukIj3rOLvzek='; script-src 'strict-dynamic'; script-src-elem 'sha256-uU0nuZNNPgilLlLX2n2r+sSE7+N6U4DukIj3rOLvzek='; script-src-attr 'sha256-uU0nuZNNPgilLlLX2n2r+sSE7+N6U4DukIj3rOLvzek='; style-src 'sha256-uU0nuZNNPgilLlLX2n2r+sSE7+N6U4DukIj3rOLvzek='; style-src-elem 'sha256-uU0nuZNNPgilLlLX2n2r+sSE7+N6U4DukIj3rOLvzek='; style-src-attr 'sha256-uU0nuZNNPgilLlLX2n2r+sSE7+N6U4DukIj3rOLvzek='; base-uri 'strict-dynamic'; form-action 'report-sample'; frame-ancestors 'self'; navigate-to 'sha256-uU0nuZNNPgilLlLX2n2r+sSE7+N6U4DukIj3rOLvzek='; report-to hello; referrer 'strict-origin'; trusted-types 'sha256-uU0nuZNNPgilLlLX2n2r+sSE7+N6U4DukIj3rOLvzek=';",
  "Referrer-Policy": "strict-origin",
  "Report-To": "[{\\"max_age\\":12000,\\"group\\":\\"hello\\",\\"endpoints\\":[{\\"url\\":\\"https://example.com\\"}]}]",
}
`;
